// Jest Snapshot v1, https://goo.gl/fbAQLP

exports[`<FormProfile /> should render the profile box 1`] = `
.c0 {
  color: #030517;
  position: relative;
  margin-bottom: 3.2rem;
  font-size: 1.6rem;
}

.c0::after {
  position: absolute;
  left: 0;
  bottom: -0.5rem;
  content: '';
  width: 5rem;
  border-bottom: 0.5rem solid #F231A5;
}

.c0::after {
  width: 3rem;
}

@media (min-width:768px) {

}

<h2
  class="c0"
  color="black"
>
  My profile
</h2>
`
